{
  "code": 400,
  "message": "query'start' must be positive"
}
