{
  "code": 500,
  "message": "userID is empty"
}
