{
  "id": "example_id",
  "name": "example_name",
  "highScore": 0,
  "coin": 0
}
