{
  "gachaCoinConsumption": 1,
  "rankingListNumber": 10,
  "maxGachaTimes": 10,
  "minGachaTimes": 1
}
