{
  "code": 400,
  "message": "requestBody'times' must be 1 or 10. times=2"
}
